// Jest Snapshot v1, https://goo.gl/fbAQLP

exports[`MainContent.vue renders correctly and matches the snapshot 1`] = `
<div
  class="layout"
>
  <div
    class="title"
  >
    <h1
      class="heading"
    >
      Todo
    </h1>
    <svg
      class="lucide lucide-moon moon"
      fill="none"
      height="24"
      stroke="currentColor"
      stroke-linecap="round"
      stroke-linejoin="round"
      stroke-width="2"
      viewBox="0 0 24 24"
      width="24"
      xmlns="http://www.w3.org/2000/svg"
    >
      <path
        d="M12 3a6 6 0 0 0 9 9 9 9 0 1 1-9-9Z"
      />
    </svg>
  </div>
  <add-input-stub />
  <task-list-stub />
  <list-controls-stub />
</div>
`;
